D:/Master/W5300-TOE-C-main/W5300-TOE-C-main/Projects/NUCLEO-F722ZE/Core/Src/main.c:72:1:__io_putchar	1
D:/Master/W5300-TOE-C-main/W5300-TOE-C-main/Projects/NUCLEO-F722ZE/Core/Src/main.c:91:5:main	15
D:/Master/W5300-TOE-C-main/W5300-TOE-C-main/Projects/NUCLEO-F722ZE/Core/Src/main.c:246:6:SystemClock_Config	4
D:/Master/W5300-TOE-C-main/W5300-TOE-C-main/Projects/NUCLEO-F722ZE/Core/Src/main.c:299:13:MX_ADC1_Init	3
D:/Master/W5300-TOE-C-main/W5300-TOE-C-main/Projects/NUCLEO-F722ZE/Core/Src/main.c:351:13:MX_USART3_UART_Init	2
D:/Master/W5300-TOE-C-main/W5300-TOE-C-main/Projects/NUCLEO-F722ZE/Core/Src/main.c:382:13:MX_FMC_Init	3
D:/Master/W5300-TOE-C-main/W5300-TOE-C-main/Projects/NUCLEO-F722ZE/Core/Src/main.c:452:13:MX_GPIO_Init	1
D:/Master/W5300-TOE-C-main/W5300-TOE-C-main/Projects/NUCLEO-F722ZE/Core/Src/main.c:517:6:Error_Handler	1
