D:/Master/W5300-TOE-C-main/W5300-TOE-C-main/Projects/NUCLEO-F722ZE/Core/Src/main.c:72:1:__io_putchar	16	static
D:/Master/W5300-TOE-C-main/W5300-TOE-C-main/Projects/NUCLEO-F722ZE/Core/Src/main.c:91:5:main	64	static
D:/Master/W5300-TOE-C-main/W5300-TOE-C-main/Projects/NUCLEO-F722ZE/Core/Src/main.c:246:6:SystemClock_Config	88	static
D:/Master/W5300-TOE-C-main/W5300-TOE-C-main/Projects/NUCLEO-F722ZE/Core/Src/main.c:299:13:MX_ADC1_Init	24	static
D:/Master/W5300-TOE-C-main/W5300-TOE-C-main/Projects/NUCLEO-F722ZE/Core/Src/main.c:351:13:MX_USART3_UART_Init	8	static
D:/Master/W5300-TOE-C-main/W5300-TOE-C-main/Projects/NUCLEO-F722ZE/Core/Src/main.c:382:13:MX_FMC_Init	40	static
D:/Master/W5300-TOE-C-main/W5300-TOE-C-main/Projects/NUCLEO-F722ZE/Core/Src/main.c:452:13:MX_GPIO_Init	56	static
D:/Master/W5300-TOE-C-main/W5300-TOE-C-main/Projects/NUCLEO-F722ZE/Core/Src/main.c:517:6:Error_Handler	4	static,ignoring_inline_asm
