D:/Master/W5300-TOE-C-main/W5300-TOE-C-main/Projects/NUCLEO-F722ZE/Core/Src/stm32f7xx_hal_msp.c:63:6:HAL_MspInit	16	static
D:/Master/W5300-TOE-C-main/W5300-TOE-C-main/Projects/NUCLEO-F722ZE/Core/Src/stm32f7xx_hal_msp.c:85:6:HAL_ADC_MspInit	48	static
D:/Master/W5300-TOE-C-main/W5300-TOE-C-main/Projects/NUCLEO-F722ZE/Core/Src/stm32f7xx_hal_msp.c:118:6:HAL_ADC_MspDeInit	16	static
D:/Master/W5300-TOE-C-main/W5300-TOE-C-main/Projects/NUCLEO-F722ZE/Core/Src/stm32f7xx_hal_msp.c:146:6:HAL_UART_MspInit	176	static
D:/Master/W5300-TOE-C-main/W5300-TOE-C-main/Projects/NUCLEO-F722ZE/Core/Src/stm32f7xx_hal_msp.c:193:6:HAL_UART_MspDeInit	16	static
D:/Master/W5300-TOE-C-main/W5300-TOE-C-main/Projects/NUCLEO-F722ZE/Core/Src/stm32f7xx_hal_msp.c:218:13:HAL_FMC_MspInit	32	static
D:/Master/W5300-TOE-C-main/W5300-TOE-C-main/Projects/NUCLEO-F722ZE/Core/Src/stm32f7xx_hal_msp.c:294:6:HAL_SRAM_MspInit	16	static
D:/Master/W5300-TOE-C-main/W5300-TOE-C-main/Projects/NUCLEO-F722ZE/Core/Src/stm32f7xx_hal_msp.c:306:13:HAL_FMC_MspDeInit	8	static
D:/Master/W5300-TOE-C-main/W5300-TOE-C-main/Projects/NUCLEO-F722ZE/Core/Src/stm32f7xx_hal_msp.c:365:6:HAL_SRAM_MspDeInit	16	static
